[     267ms] [INFO] %cDownload the React DevTools for a better development experience: https://react.dev/link/react-devtools font-weight:bold @ webpack-internal:///(app-pages-browser)/./node_modules/.pnpm/next@15.2.8_@babel+core@7.27.4_supports-color@8.1.1__babel-plugin-react-compiler@1.0.0__238c55ef4ad149bbbd96058500ff9346/node_modules/next/dist/compiled/react-dom/cjs/react-dom-client.development.js:24914
[     359ms] [ERROR] Failed to load resource: the server responded with a status of 404 (Not Found) @ http://localhost:3000/favicon.ico:0
[     457ms] [LOG] %c[Vercel Web Analytics]%c Debug mode is enabled by default in development. No requests will be sent to the server. color: rgb(120, 120, 120) color: inherit @ https://va.vercel-scripts.com/v1/script.debug.js:0
[     457ms] [LOG] %c[Vercel Web Analytics]%c [view] http://localhost:3000/ color: rgb(120, 120, 120) color: inherit {o: http://localhost:3000/, sv: 0.1.3, sdkn: @vercel/analytics/react, sdkv: 2.0.1, ts: 1787264556811} /_vercel/insights/view @ https://va.vercel-scripts.com/v1/script.debug.js:0
[     459ms] [LOG] %c[Vercel Speed Insights]%c Debug mode is enabled by default in development. No requests will be sent to the server. color: rgb(120, 120, 120) color: inherit @ https://va.vercel-scripts.com/v1/speed-insights/script.debug.js:0
[   81609ms] [INFO] %cDownload the React DevTools for a better development experience: https://react.dev/link/react-devtools font-weight:bold @ webpack-internal:///(app-pages-browser)/./node_modules/.pnpm/next@15.2.8_@babel+core@7.27.4_supports-color@8.1.1__babel-plugin-react-compiler@1.0.0__238c55ef4ad149bbbd96058500ff9346/node_modules/next/dist/compiled/react-dom/cjs/react-dom-client.development.js:24914
[   81671ms] [LOG] %c[Vercel Web Analytics]%c Debug mode is enabled by default in development. No requests will be sent to the server. color: rgb(120, 120, 120) color: inherit @ https://va.vercel-scripts.com/v1/script.debug.js:0
[   81671ms] [LOG] %c[Vercel Web Analytics]%c [view] http://localhost:3000/ color: rgb(120, 120, 120) color: inherit {o: http://localhost:3000/, sv: 0.1.3, sdkn: @vercel/analytics/react, sdkv: 2.0.1, ts: 1787264638024} /_vercel/insights/view @ https://va.vercel-scripts.com/v1/script.debug.js:0
[   81723ms] [LOG] %c[Vercel Speed Insights]%c Debug mode is enabled by default in development. No requests will be sent to the server. color: rgb(120, 120, 120) color: inherit @ https://va.vercel-scripts.com/v1/speed-insights/script.debug.js:0
[  229561ms] [INFO] %cDownload the React DevTools for a better development experience: https://react.dev/link/react-devtools font-weight:bold @ webpack-internal:///(app-pages-browser)/./node_modules/.pnpm/next@15.2.8_@babel+core@7.27.4_supports-color@8.1.1__babel-plugin-react-compiler@1.0.0__238c55ef4ad149bbbd96058500ff9346/node_modules/next/dist/compiled/react-dom/cjs/react-dom-client.development.js:24914
[  229677ms] [LOG] %c[Vercel Web Analytics]%c Debug mode is enabled by default in development. No requests will be sent to the server. color: rgb(120, 120, 120) color: inherit @ https://va.vercel-scripts.com/v1/script.debug.js:0
[  229677ms] [LOG] %c[Vercel Web Analytics]%c [view] http://localhost:3000/ color: rgb(120, 120, 120) color: inherit {o: http://localhost:3000/, sv: 0.1.3, sdkn: @vercel/analytics/react, sdkv: 2.0.1, ts: 1787264786030} /_vercel/insights/view @ https://va.vercel-scripts.com/v1/script.debug.js:0
[  229677ms] [LOG] %c[Vercel Speed Insights]%c Debug mode is enabled by default in development. No requests will be sent to the server. color: rgb(120, 120, 120) color: inherit @ https://va.vercel-scripts.com/v1/speed-insights/script.debug.js:0
[  257513ms] [LOG] [Fast Refresh] rebuilding @ webpack-internal:///(app-pages-browser)/./node_modules/.pnpm/next@15.2.8_@babel+core@7.27.4_supports-color@8.1.1__babel-plugin-react-compiler@1.0.0__238c55ef4ad149bbbd96058500ff9346/node_modules/next/dist/client/components/react-dev-overlay/app/hot-reloader-client.js:241
[  257817ms] [LOG] [Fast Refresh] done in 304ms @ webpack-internal:///(app-pages-browser)/./node_modules/.pnpm/next@15.2.8_@babel+core@7.27.4_supports-color@8.1.1__babel-plugin-react-compiler@1.0.0__238c55ef4ad149bbbd96058500ff9346/node_modules/next/dist/client/components/react-dev-overlay/app/hot-reloader-client.js:73
[  274244ms] [INFO] %cDownload the React DevTools for a better development experience: https://react.dev/link/react-devtools font-weight:bold @ webpack-internal:///(app-pages-browser)/./node_modules/.pnpm/next@15.2.8_@babel+core@7.27.4_supports-color@8.1.1__babel-plugin-react-compiler@1.0.0__238c55ef4ad149bbbd96058500ff9346/node_modules/next/dist/compiled/react-dom/cjs/react-dom-client.development.js:24914
[  274379ms] [LOG] %c[Vercel Web Analytics]%c Debug mode is enabled by default in development. No requests will be sent to the server. color: rgb(120, 120, 120) color: inherit @ https://va.vercel-scripts.com/v1/script.debug.js:0
[  274379ms] [LOG] %c[Vercel Web Analytics]%c [view] http://localhost:3000/ color: rgb(120, 120, 120) color: inherit {o: http://localhost:3000/, sv: 0.1.3, sdkn: @vercel/analytics/react, sdkv: 2.0.1, ts: 1787264830732} /_vercel/insights/view @ https://va.vercel-scripts.com/v1/script.debug.js:0
[  274379ms] [LOG] %c[Vercel Speed Insights]%c Debug mode is enabled by default in development. No requests will be sent to the server. color: rgb(120, 120, 120) color: inherit @ https://va.vercel-scripts.com/v1/speed-insights/script.debug.js:0
[  288562ms] [LOG] [Fast Refresh] rebuilding @ webpack-internal:///(app-pages-browser)/./node_modules/.pnpm/next@15.2.8_@babel+core@7.27.4_supports-color@8.1.1__babel-plugin-react-compiler@1.0.0__238c55ef4ad149bbbd96058500ff9346/node_modules/next/dist/client/components/react-dev-overlay/app/hot-reloader-client.js:241
[  289369ms] [INFO] %cDownload the React DevTools for a better development experience: https://react.dev/link/react-devtools font-weight:bold @ webpack-internal:///(app-pages-browser)/./node_modules/.pnpm/next@15.2.8_@babel+core@7.27.4_supports-color@8.1.1__babel-plugin-react-compiler@1.0.0__238c55ef4ad149bbbd96058500ff9346/node_modules/next/dist/compiled/react-dom/cjs/react-dom-client.development.js:24914
[  289514ms] [WARNING] value.onChange(callback) is deprecated. Switch to value.on("change", callback). @ webpack-internal:///(app-pages-browser)/./node_modules/.pnpm/motion-utils@13.0.0/node_modules/motion-utils/dist/es/warn-once.mjs:15
[  289579ms] [LOG] %c[Vercel Web Analytics]%c Debug mode is enabled by default in development. No requests will be sent to the server. color: rgb(120, 120, 120) color: inherit @ https://va.vercel-scripts.com/v1/script.debug.js:0
[  289579ms] [LOG] %c[Vercel Web Analytics]%c [view] http://localhost:3000/about color: rgb(120, 120, 120) color: inherit {o: http://localhost:3000/about, sv: 0.1.3, sdkn: @vercel/analytics/react, sdkv: 2.0.1, ts: 1787264845933} /_vercel/insights/view @ https://va.vercel-scripts.com/v1/script.debug.js:0
[  289581ms] [LOG] %c[Vercel Speed Insights]%c Debug mode is enabled by default in development. No requests will be sent to the server. color: rgb(120, 120, 120) color: inherit @ https://va.vercel-scripts.com/v1/speed-insights/script.debug.js:0
